

================================================================
== Synthesis Summary Report of 'mm2s'
================================================================
+ General Information: 
    * Date:           Wed Aug 30 14:56:46 2023
    * Version:        2023.2 (Build 3979822 on Aug 29 2023)
    * Project:        mm2s
    * Solution:       hls (Vitis Kernel Flow Target)
    * Product family: versalaicore
    * Target device:  xcvc1902-vsva2197-2MP-e-S
    

+ Performance & Resource Estimates: 
    
    PS: '+' for module; 'o' for loop; '*' for dataflow
    +--------------------+------+------+---------+--------+----------+---------+------+----------+---------+----+------------+------------+-----+
    |       Modules      | Issue|      | Latency | Latency| Iteration|         | Trip |          |         |    |            |            |     |
    |       & Loops      | Type | Slack| (cycles)|  (ns)  |  Latency | Interval| Count| Pipelined|  BRAM   | DSP|     FF     |     LUT    | URAM|
    +--------------------+------+------+---------+--------+----------+---------+------+----------+---------+----+------------+------------+-----+
    |+ mm2s              |     -|  0.00|        -|       -|         -|        -|     -|        no|  2 (~0%)|   -|  1049 (~0%)|  1168 (~0%)|    -|
    | o VITIS_LOOP_23_1  |     -|  7.04|        -|       -|        74|        1|     -|       yes|        -|   -|           -|           -|    -|
    +--------------------+------+------+---------+--------+----------+---------+------+----------+---------+----+------------+------------+-----+


================================================================
== HW Interfaces
================================================================
* M_AXI
+------------+------------+---------------+---------+--------+----------+-----------+--------------+--------------+-------------+-------------+-------------------+
| Interface  | Data Width | Address Width | Latency | Offset | Register | Max Widen | Max Read     | Max Write    | Num Read    | Num Write   | Resource Estimate |
|            | (SW->HW)   |               |         |        |          | Bitwidth  | Burst Length | Burst Length | Outstanding | Outstanding |                   |
+------------+------------+---------------+---------+--------+----------+-----------+--------------+--------------+-------------+-------------+-------------------+
| m_axi_gmem | 32 -> 32   | 64            | 64      | slave  | 0        | 512       | 16           | 16           | 16          | 16          | BRAM=2            |
+------------+------------+---------------+---------+--------+----------+-----------+--------------+--------------+-------------+-------------+-------------------+

* S_AXILITE Interfaces
+---------------+------------+---------------+--------+----------+
| Interface     | Data Width | Address Width | Offset | Register |
+---------------+------------+---------------+--------+----------+
| s_axi_control | 32         | 6             | 16     | 0        |
+---------------+------------+---------------+--------+----------+

* S_AXILITE Registers
+---------------+----------+--------+-------+--------+----------------------------------+------------------------------------------------------------------------------------+
| Interface     | Register | Offset | Width | Access | Description                      | Bit Fields                                                                         |
+---------------+----------+--------+-------+--------+----------------------------------+------------------------------------------------------------------------------------+
| s_axi_control | CTRL     | 0x00   | 32    | RW     | Control signals                  | 0=AP_START 1=AP_DONE 2=AP_IDLE 3=AP_READY 4=AP_CONTINUE 7=AUTO_RESTART 9=INTERRUPT |
| s_axi_control | GIER     | 0x04   | 32    | RW     | Global Interrupt Enable Register | 0=Enable                                                                           |
| s_axi_control | IP_IER   | 0x08   | 32    | RW     | IP Interrupt Enable Register     | 0=CHAN0_INT_EN 1=CHAN1_INT_EN                                                      |
| s_axi_control | IP_ISR   | 0x0c   | 32    | RW     | IP Interrupt Status Register     | 0=CHAN0_INT_ST 1=CHAN1_INT_ST                                                      |
| s_axi_control | mem_1    | 0x10   | 32    | W      | Data signal of mem               |                                                                                    |
| s_axi_control | mem_2    | 0x14   | 32    | W      | Data signal of mem               |                                                                                    |
| s_axi_control | size     | 0x1c   | 32    | W      | Data signal of size              |                                                                                    |
+---------------+----------+--------+-------+--------+----------------------------------+------------------------------------------------------------------------------------+

* AXIS
+-----------+-----------+---------------+-------+-------+-------+--------+-------+--------+
| Interface | Direction | Register Mode | TDATA | TKEEP | TLAST | TREADY | TSTRB | TVALID |
+-----------+-----------+---------------+-------+-------+-------+--------+-------+--------+
| s         | out       | both          | 32    | 4     | 1     | 1      | 4     | 1      |
+-----------+-----------+---------------+-------+-------+-------+--------+-------+--------+

* TOP LEVEL CONTROL
+-----------+---------------+-----------+
| Interface | Type          | Ports     |
+-----------+---------------+-----------+
| ap_clk    | clock         | ap_clk    |
| ap_rst_n  | reset         | ap_rst_n  |
| interrupt | interrupt     | interrupt |
| ap_ctrl   | ap_ctrl_chain |           |
+-----------+---------------+-----------+


================================================================
== SW I/O Information
================================================================
* Top Function Arguments
+----------+-----------+--------------------------------------------------------+
| Argument | Direction | Datatype                                               |
+----------+-----------+--------------------------------------------------------+
| mem      | in        | ap_int<32>*                                            |
| s        | out       | stream<hls::axis<ap_int<32>, 0, 0, 0, '8', false>, 0>& |
| size     | in        | int                                                    |
+----------+-----------+--------------------------------------------------------+

* SW-to-HW Mapping
+----------+---------------+-----------+----------+---------------------------------+
| Argument | HW Interface  | HW Type   | HW Usage | HW Info                         |
+----------+---------------+-----------+----------+---------------------------------+
| mem      | m_axi_gmem    | interface |          |                                 |
| mem      | s_axi_control | register  | offset   | name=mem_1 offset=0x10 range=32 |
| mem      | s_axi_control | register  | offset   | name=mem_2 offset=0x14 range=32 |
| s        | s             | interface |          |                                 |
| size     | s_axi_control | register  |          | name=size offset=0x1c range=32  |
+----------+---------------+-----------+----------+---------------------------------+


================================================================
== M_AXI Burst Information
================================================================
 Note: All burst requests might be further partitioned into multiple requests during RTL generation based on max_read_burst_length or max_write_burst_length settings.

* Inferred Burst Summary
+--------------+-----------+----------+-------+-----------------+----------------------------------------------------------------------------------------------------------------------------------------------------------+
| HW Interface | Direction | Length   | Width | Loop            | Loop Location                                                                                                                                            |
+--------------+-----------+----------+-------+-----------------+----------------------------------------------------------------------------------------------------------------------------------------------------------+
| m_axi_gmem   | read      | variable | 32    | VITIS_LOOP_23_1 | /proj/xcoswmktg/robg/git/Vitis-Tutorials/Internal-Fork/AI_Engine_Development/Feature_Tutorials/05-AI-engine-versal-integration/pl_kernels/mm2s.cpp:23:19 |
+--------------+-----------+----------+-------+-----------------+----------------------------------------------------------------------------------------------------------------------------------------------------------+

* All M_AXI Variable Accesses
+--------------+----------+----------------------------------------------------------------------------------------------------------------------------------------------------------+-----------+--------------+----------+-----------------+----------------------------------------------------------------------------------------------------------------------------------------------------------+------------+------------------------------------------------+
| HW Interface | Variable | Access Location                                                                                                                                          | Direction | Burst Status | Length   | Loop            | Loop Location                                                                                                                                            | Resolution | Problem                                        |
+--------------+----------+----------------------------------------------------------------------------------------------------------------------------------------------------------+-----------+--------------+----------+-----------------+----------------------------------------------------------------------------------------------------------------------------------------------------------+------------+------------------------------------------------+
| m_axi_gmem   | mem      | /proj/xcoswmktg/robg/git/Vitis-Tutorials/Internal-Fork/AI_Engine_Development/Feature_Tutorials/05-AI-engine-versal-integration/pl_kernels/mm2s.cpp:26:10 | read      | Widen Fail   |          | VITIS_LOOP_23_1 | /proj/xcoswmktg/robg/git/Vitis-Tutorials/Internal-Fork/AI_Engine_Development/Feature_Tutorials/05-AI-engine-versal-integration/pl_kernels/mm2s.cpp:23:19 | 214-234    | Sequential access length is not divisible by 2 |
| m_axi_gmem   | mem      | /proj/xcoswmktg/robg/git/Vitis-Tutorials/Internal-Fork/AI_Engine_Development/Feature_Tutorials/05-AI-engine-versal-integration/pl_kernels/mm2s.cpp:26:10 | read      | Inferred     | variable | VITIS_LOOP_23_1 | /proj/xcoswmktg/robg/git/Vitis-Tutorials/Internal-Fork/AI_Engine_Development/Feature_Tutorials/05-AI-engine-versal-integration/pl_kernels/mm2s.cpp:23:19 |            |                                                |
+--------------+----------+----------------------------------------------------------------------------------------------------------------------------------------------------------+-----------+--------------+----------+-----------------+----------------------------------------------------------------------------------------------------------------------------------------------------------+------------+------------------------------------------------+

    * Resolution URL: www.xilinx.com/cgi-bin/docs/rdoc?v=2023.2;t=hls+guidance;d=XXX-YYY.html (replace XXX-YYY with column value)

================================================================
== Bind Op Report
================================================================
+----------------------+-----+--------+----------+-----+--------+---------+
| Name                 | DSP | Pragma | Variable | Op  | Impl   | Latency |
+----------------------+-----+--------+----------+-----+--------+---------+
| + mm2s               | 0   |        |          |     |        |         |
|   add_ln23_fu_204_p2 |     |        | add_ln23 | add | fabric | 0       |
+----------------------+-----+--------+----------+-----+--------+---------+


================================================================
== Storage Report
================================================================
+-------------------+-----------+-----------+------+------+--------+----------+------+---------+------------------+
| Name              | Usage     | Type      | BRAM | URAM | Pragma | Variable | Impl | Latency | Bitwidth, Depth, |
|                   |           |           |      |      |        |          |      |         | Banks            |
+-------------------+-----------+-----------+------+------+--------+----------+------+---------+------------------+
| + mm2s            |           |           | 2    | 0    |        |          |      |         |                  |
|   control_s_axi_U | interface | s_axilite |      |      |        |          |      |         |                  |
|   gmem_m_axi_U    | interface | m_axi     | 2    |      |        |          |      |         |                  |
+-------------------+-----------+-----------+------+------+--------+----------+------+---------+------------------+


================================================================
== Pragma Report
================================================================
* Valid Pragma Syntax
+-----------+-----------------------------------------+----------------------------------------------+
| Type      | Options                                 | Location                                     |
+-----------+-----------------------------------------+----------------------------------------------+
| interface | m_axi port=mem offset=slave bundle=gmem | ../../pl_kernels/mm2s.cpp:15 in mm2s, mem    |
| interface | axis port=s                             | ../../pl_kernels/mm2s.cpp:17 in mm2s, s      |
| interface | s_axilite port=mem bundle=control       | ../../pl_kernels/mm2s.cpp:19 in mm2s, mem    |
| interface | s_axilite port=size bundle=control      | ../../pl_kernels/mm2s.cpp:20 in mm2s, size   |
| interface | s_axilite port=return bundle=control    | ../../pl_kernels/mm2s.cpp:21 in mm2s, return |
| pipeline  | II=1                                    | ../../pl_kernels/mm2s.cpp:24 in mm2s         |
+-----------+-----------------------------------------+----------------------------------------------+


