

================================================================
== Vitis HLS Report for 'SobelFilter_XMC_120_160_1_s'
================================================================
* Date:           Sat Nov 13 15:33:02 2021

* Version:        2021.2 (Build 3367213 on Tue Oct 19 02:47:39 MDT 2021)
* Project:        ModelComposerDesign_prj
* Solution:       solution1 (Vivado IP Flow Target)
* Product family: kintex7
* Target device:  xc7k325t-ffg900-2


================================================================
== Performance Estimates
================================================================
+ Timing: 
    * Summary: 
    +--------+---------+----------+------------+
    |  Clock |  Target | Estimated| Uncertainty|
    +--------+---------+----------+------------+
    |ap_clk  |  5.00 ns|  3.650 ns|     1.35 ns|
    +--------+---------+----------+------------+

+ Latency: 
    * Summary: 
    +---------+---------+----------+----------+-------+-------+----------+
    |  Latency (cycles) |  Latency (absolute) |    Interval   | Pipeline |
    |   min   |   max   |    min   |    max   |  min  |  max  |   Type   |
    +---------+---------+----------+----------+-------+-------+----------+
    |    20688|    20688|  0.103 ms|  0.103 ms|  20688|  20688|  dataflow|
    +---------+---------+----------+----------+-------+-------+----------+

    + Detail: 
        * Instance: 
        +----------------------------------------------------------+-------------------------------------------------------+---------+---------+-----------+-----------+-------+-------+---------+
        |                                                          |                                                       |  Latency (cycles) |   Latency (absolute)  |    Interval   | Pipeline|
        |                         Instance                         |                         Module                        |   min   |   max   |    min    |    max    |  min  |  max  |   Type  |
        +----------------------------------------------------------+-------------------------------------------------------+---------+---------+-----------+-----------+-------+-------+---------+
        |SobelFilter_XMC_120_160_1_Loop_VITIS_LOOP_94_1_proc7_U0   |SobelFilter_XMC_120_160_1_Loop_VITIS_LOOP_94_1_proc7   |    19202|    19202|  96.010 us|  96.010 us|  19202|  19202|       no|
        |Sobel_0_3_0_2_120_160_1_false_U0                          |Sobel_0_3_0_2_120_160_1_false_s                        |    20687|    20687|   0.103 ms|   0.103 ms|  20687|  20687|       no|
        |SobelFilter_XMC_120_160_1_Loop_VITIS_LOOP_104_3_proc8_U0  |SobelFilter_XMC_120_160_1_Loop_VITIS_LOOP_104_3_proc8  |    19202|    19202|  96.010 us|  96.010 us|  19202|  19202|       no|
        +----------------------------------------------------------+-------------------------------------------------------+---------+---------+-----------+-----------+-------+-------+---------+

        * Loop: 
        N/A



================================================================
== Utilization Estimates
================================================================
* Summary: 
+-----------------+---------+-----+--------+--------+-----+
|       Name      | BRAM_18K| DSP |   FF   |   LUT  | URAM|
+-----------------+---------+-----+--------+--------+-----+
|DSP              |        -|    -|       -|       -|    -|
|Expression       |        -|    -|       0|       2|    -|
|FIFO             |        -|    -|     297|     201|    -|
|Instance         |        3|    -|     501|    1471|    -|
|Memory           |        -|    -|       -|       -|    -|
|Multiplexer      |        -|    -|       -|       9|    -|
|Register         |        -|    -|       1|       -|    -|
+-----------------+---------+-----+--------+--------+-----+
|Total            |        3|    0|     799|    1683|    0|
+-----------------+---------+-----+--------+--------+-----+
|Available        |      890|  840|  407600|  203800|    0|
+-----------------+---------+-----+--------+--------+-----+
|Utilization (%)  |       ~0|    0|      ~0|      ~0|    0|
+-----------------+---------+-----+--------+--------+-----+

+ Detail: 
    * Instance: 
    +----------------------------------------------------------+-------------------------------------------------------+---------+----+-----+------+-----+
    |                         Instance                         |                         Module                        | BRAM_18K| DSP|  FF |  LUT | URAM|
    +----------------------------------------------------------+-------------------------------------------------------+---------+----+-----+------+-----+
    |SobelFilter_XMC_120_160_1_Loop_VITIS_LOOP_104_3_proc8_U0  |SobelFilter_XMC_120_160_1_Loop_VITIS_LOOP_104_3_proc8  |        0|   0|   18|   114|    0|
    |SobelFilter_XMC_120_160_1_Loop_VITIS_LOOP_94_1_proc7_U0   |SobelFilter_XMC_120_160_1_Loop_VITIS_LOOP_94_1_proc7   |        0|   0|   27|   105|    0|
    |Sobel_0_3_0_2_120_160_1_false_U0                          |Sobel_0_3_0_2_120_160_1_false_s                        |        3|   0|  456|  1252|    0|
    +----------------------------------------------------------+-------------------------------------------------------+---------+----+-----+------+-----+
    |Total                                                     |                                                       |        3|   0|  501|  1471|    0|
    +----------------------------------------------------------+-------------------------------------------------------+---------+----+-----+------+-----+

    * DSP: 
    N/A

    * Memory: 
    N/A

    * FIFO: 
    +-----------------+---------+----+----+-----+------+-----+---------+
    |       Name      | BRAM_18K| FF | LUT| URAM| Depth| Bits| Size:D*B|
    +-----------------+---------+----+----+-----+------+-----+---------+
    |dstx_obj_data_U  |        0|  99|   0|    -|     2|   16|       32|
    |dsty_obj_data_U  |        0|  99|   0|    -|     2|   16|       32|
    |src_obj_data_U   |        0|  99|   0|    -|     2|    8|       16|
    +-----------------+---------+----+----+-----+------+-----+---------+
    |Total            |        0| 297|   0|    0|     6|   40|       80|
    +-----------------+---------+----+----+-----+------+-----+---------+

    * Expression: 
    +--------------+----------+----+---+----+------------+------------+
    | Variable Name| Operation| DSP| FF| LUT| Bitwidth P0| Bitwidth P1|
    +--------------+----------+----+---+----+------------+------------+
    |ap_idle       |       and|   0|  0|   2|           1|           1|
    +--------------+----------+----+---+----+------------+------------+
    |Total         |          |   0|  0|   2|           1|           1|
    +--------------+----------+----+---+----+------------+------------+

    * Multiplexer: 
    +------------+----+-----------+-----+-----------+
    |    Name    | LUT| Input Size| Bits| Total Bits|
    +------------+----+-----------+-----+-----------+
    |real_start  |   9|          2|    1|          2|
    +------------+----+-----------+-----+-----------+
    |Total       |   9|          2|    1|          2|
    +------------+----+-----------+-----+-----------+

    * Register: 
    +----------------+---+----+-----+-----------+
    |      Name      | FF| LUT| Bits| Const Bits|
    +----------------+---+----+-----+-----------+
    |start_once_reg  |  1|   0|    1|          0|
    +----------------+---+----+-----+-----------+
    |Total           |  1|   0|    1|          0|
    +----------------+---+----+-----+-----------+



================================================================
== Interface
================================================================
* Summary: 
+-------------------------------+-----+-----+------------+------------------------------+--------------+
|           RTL Ports           | Dir | Bits|  Protocol  |         Source Object        |    C Type    |
+-------------------------------+-----+-----+------------+------------------------------+--------------+
|ap_start                       |   in|    1|  ap_ctrl_hs|  SobelFilter_XMC<120, 160, 1>|  return value|
|start_full_n                   |   in|    1|  ap_ctrl_hs|  SobelFilter_XMC<120, 160, 1>|  return value|
|start_out                      |  out|    1|  ap_ctrl_hs|  SobelFilter_XMC<120, 160, 1>|  return value|
|start_write                    |  out|    1|  ap_ctrl_hs|  SobelFilter_XMC<120, 160, 1>|  return value|
|ap_clk                         |   in|    1|  ap_ctrl_hs|  SobelFilter_XMC<120, 160, 1>|  return value|
|ap_rst                         |   in|    1|  ap_ctrl_hs|  SobelFilter_XMC<120, 160, 1>|  return value|
|ap_done                        |  out|    1|  ap_ctrl_hs|  SobelFilter_XMC<120, 160, 1>|  return value|
|ap_ready                       |  out|    1|  ap_ctrl_hs|  SobelFilter_XMC<120, 160, 1>|  return value|
|ap_idle                        |  out|    1|  ap_ctrl_hs|  SobelFilter_XMC<120, 160, 1>|  return value|
|ap_continue                    |   in|    1|  ap_ctrl_hs|  SobelFilter_XMC<120, 160, 1>|  return value|
|Image_in_adapter_out1_dout     |   in|    8|     ap_fifo|         Image_in_adapter_out1|       pointer|
|Image_in_adapter_out1_empty_n  |   in|    1|     ap_fifo|         Image_in_adapter_out1|       pointer|
|Image_in_adapter_out1_read     |  out|    1|     ap_fifo|         Image_in_adapter_out1|       pointer|
|SobelFilter_XMC_out1_i_din     |  out|   16|     ap_fifo|        SobelFilter_XMC_out1_i|       pointer|
|SobelFilter_XMC_out1_i_full_n  |   in|    1|     ap_fifo|        SobelFilter_XMC_out1_i|       pointer|
|SobelFilter_XMC_out1_i_write   |  out|    1|     ap_fifo|        SobelFilter_XMC_out1_i|       pointer|
|SobelFilter_XMC_out2_i_din     |  out|   16|     ap_fifo|        SobelFilter_XMC_out2_i|       pointer|
|SobelFilter_XMC_out2_i_full_n  |   in|    1|     ap_fifo|        SobelFilter_XMC_out2_i|       pointer|
|SobelFilter_XMC_out2_i_write   |  out|    1|     ap_fifo|        SobelFilter_XMC_out2_i|       pointer|
+-------------------------------+-----+-----+------------+------------------------------+--------------+

