

================================================================
== Vitis HLS Report for 'xFGradientY3x3_0_3_s'
================================================================
* Date:           Sat Nov 13 15:33:00 2021

* Version:        2021.2 (Build 3367213 on Tue Oct 19 02:47:39 MDT 2021)
* Project:        ModelComposerDesign_prj
* Solution:       solution1 (Vivado IP Flow Target)
* Product family: kintex7
* Target device:  xc7k325t-ffg900-2


================================================================
== Performance Estimates
================================================================
+ Timing: 
    * Summary: 
    +--------+---------+----------+------------+
    |  Clock |  Target | Estimated| Uncertainty|
    +--------+---------+----------+------------+
    |ap_clk  |  5.00 ns|  3.338 ns|     1.35 ns|
    +--------+---------+----------+------------+

+ Latency: 
    * Summary: 
    +---------+---------+----------+----------+-----+-----+---------+
    |  Latency (cycles) |  Latency (absolute) |  Interval | Pipeline|
    |   min   |   max   |    min   |    max   | min | max |   Type  |
    +---------+---------+----------+----------+-----+-----+---------+
    |        0|        0|      0 ns|      0 ns|    1|    1|      yes|
    +---------+---------+----------+----------+-----+-----+---------+

    + Detail: 
        * Instance: 
        N/A

        * Loop: 
        N/A



================================================================
== Utilization Estimates
================================================================
* Summary: 
+-----------------+---------+-----+--------+--------+-----+
|       Name      | BRAM_18K| DSP |   FF   |   LUT  | URAM|
+-----------------+---------+-----+--------+--------+-----+
|DSP              |        -|    -|       -|       -|    -|
|Expression       |        -|    -|       0|      71|    -|
|FIFO             |        -|    -|       -|       -|    -|
|Instance         |        -|    -|       -|       -|    -|
|Memory           |        -|    -|       -|       -|    -|
|Multiplexer      |        -|    -|       -|       -|    -|
|Register         |        -|    -|       -|       -|    -|
+-----------------+---------+-----+--------+--------+-----+
|Total            |        0|    0|       0|      71|    0|
+-----------------+---------+-----+--------+--------+-----+
|Available        |      890|  840|  407600|  203800|    0|
+-----------------+---------+-----+--------+--------+-----+
|Utilization (%)  |        0|    0|       0|      ~0|    0|
+-----------------+---------+-----+--------+--------+-----+

+ Detail: 
    * Instance: 
    N/A

    * DSP: 
    N/A

    * Memory: 
    N/A

    * FIFO: 
    N/A

    * Expression: 
    +---------------------+----------+----+---+----+------------+------------+
    |    Variable Name    | Operation| DSP| FF| LUT| Bitwidth P0| Bitwidth P1|
    +---------------------+----------+----+---+----+------------+------------+
    |out_pix_4_fu_124_p2  |         +|   0|  0|  11|          11|          11|
    |ret_1_fu_104_p2      |         +|   0|  0|  16|           9|           9|
    |ret_fu_86_p2         |         +|   0|  0|  16|           9|           9|
    |ap_return            |         -|   0|  0|  11|          11|          11|
    |out_pix_3_fu_114_p2  |         -|   0|  0|  17|          10|          10|
    +---------------------+----------+----+---+----+------------+------------+
    |Total                |          |   0|  0|  71|          50|          50|
    +---------------------+----------+----+---+----+------------+------------+

    * Multiplexer: 
    N/A

    * Register: 
    N/A



================================================================
== Interface
================================================================
* Summary: 
+-----------+-----+-----+------------+----------------------+--------------+
| RTL Ports | Dir | Bits|  Protocol  |     Source Object    |    C Type    |
+-----------+-----+-----+------------+----------------------+--------------+
|ap_ready   |  out|    1|  ap_ctrl_hs|  xFGradientY3x3<0, 3>|  return value|
|ap_return  |  out|   11|  ap_ctrl_hs|  xFGradientY3x3<0, 3>|  return value|
|t0         |   in|    8|     ap_none|                    t0|        scalar|
|t1         |   in|    8|     ap_none|                    t1|        scalar|
|t2         |   in|    8|     ap_none|                    t2|        scalar|
|b0         |   in|    8|     ap_none|                    b0|        scalar|
|b1         |   in|    8|     ap_none|                    b1|        scalar|
|b2         |   in|    8|     ap_none|                    b2|        scalar|
+-----------+-----+-----+------------+----------------------+--------------+

