#-----------------------------------------------------------
# Vivado v2023.2 (64-bit)
# SW Build 3980300 on Tue Aug 29 20:01:03 MDT 2023
# IP Build 3980143 on Wed Aug 30 00:10:46 MDT 2023
# SharedData Build 3973312 on Thu Aug 24 04:19:00 MDT 2023
# Start of session at: Wed Aug 30 14:58:07 2023
# Process ID: 23329
# Current directory: /proj/xcoswmktg/robg/git/Vitis-Tutorials/Internal-Fork/AI_Engine_Development/Feature_Tutorials/05-AI-engine-versal-integration/workAIE/s2mm/s2mm/hls/impl/ip
# Command line: vivado -notrace -mode batch -source run_ippack.tcl
# Log file: /proj/xcoswmktg/robg/git/Vitis-Tutorials/Internal-Fork/AI_Engine_Development/Feature_Tutorials/05-AI-engine-versal-integration/workAIE/s2mm/s2mm/hls/impl/ip/vivado.log
# Journal file: /proj/xcoswmktg/robg/git/Vitis-Tutorials/Internal-Fork/AI_Engine_Development/Feature_Tutorials/05-AI-engine-versal-integration/workAIE/s2mm/s2mm/hls/impl/ip/vivado.jou
# Running On: xcorobg40x, OS: Linux, CPU Frequency: 2994.593 MHz, CPU Physical cores: 8, Host memory: 67370 MB
#-----------------------------------------------------------
source run_ippack.tcl -notrace
