

================================================================
== Synthesis Summary Report of 'MedianFilter'
================================================================
+ General Information: 
    * Date:           Fri Aug 23 16:14:22 2024
    * Version:        2024.1 (Build 5069499 on May 21 2024)
    * Project:        MedianFilter
    * Solution:       hls (Vivado IP Flow Target)
    * Product family: kintex7
    * Target device:  xc7k325t-fbg676-3
    

+ Performance & Resource Estimates: 
    
    PS: '+' for module; 'o' for loop; '*' for dataflow
    +----------------+------+------+---------+--------+----------+---------+------+----------+------+----+-----------+-----------+-----+
    |     Modules    | Issue|      | Latency | Latency| Iteration|         | Trip |          |      |    |           |           |     |
    |     & Loops    | Type | Slack| (cycles)|  (ns)  |  Latency | Interval| Count| Pipelined| BRAM | DSP|     FF    |    LUT    | URAM|
    +----------------+------+------+---------+--------+----------+---------+------+----------+------+----+-----------+-----------+-----+
    |+ MedianFilter  |     -|  0.54|        2|  20.000|         -|        1|     -|       yes|     -|   -|  115 (~0%)|  527 (~0%)|    -|
    +----------------+------+------+---------+--------+----------+---------+------+----------+------+----+-----------+-----------+-----+


================================================================
== HW Interfaces
================================================================
* Other Ports
+------+---------+-----------+----------+
| Port | Mode    | Direction | Bitwidth |
+------+---------+-----------+----------+
| V    | ap_vld  | out       | 8        |
| row1 | ap_none | in        | 8        |
| row2 | ap_none | in        | 8        |
| row3 | ap_none | in        | 8        |
+------+---------+-----------+----------+

* TOP LEVEL CONTROL
+-----------+------------+-----------------------------------+
| Interface | Type       | Ports                             |
+-----------+------------+-----------------------------------+
| ap_clk    | clock      | ap_clk                            |
| ap_rst    | reset      | ap_rst                            |
| ap_ctrl   | ap_ctrl_hs | ap_done ap_idle ap_ready ap_start |
+-----------+------------+-----------------------------------+


================================================================
== SW I/O Information
================================================================
* Top Function Arguments
+----------+-----------+----------------+
| Argument | Direction | Datatype       |
+----------+-----------+----------------+
| row1     | in        | unsigned char  |
| row2     | in        | unsigned char  |
| row3     | in        | unsigned char  |
| V        | out       | unsigned char* |
+----------+-----------+----------------+

* SW-to-HW Mapping
+----------+--------------+---------+
| Argument | HW Interface | HW Type |
+----------+--------------+---------+
| row1     | row1         | port    |
| row2     | row2         | port    |
| row3     | row3         | port    |
| V        | V            | port    |
| V        | V_ap_vld     | port    |
+----------+--------------+---------+


================================================================
== Bind Op Report
================================================================
+---------------------------+-----+--------+---------------+--------+----------+---------+
| Name                      | DSP | Pragma | Variable      | Op     | Impl     | Latency |
+---------------------------+-----+--------+---------------+--------+----------+---------+
| + MedianFilter            | 0   |        |               |        |          |         |
|   icmp_ln10_fu_129_p2     |     |        | icmp_ln10     | setgt  | auto     | 0       |
|   select_ln10_fu_135_p3   |     |        | select_ln10   | select | auto_sel | 0       |
|   sortBuffer_6_fu_143_p3  |     |        | sortBuffer_6  | select | auto_sel | 0       |
|   icmp_ln10_1_fu_151_p2   |     |        | icmp_ln10_1   | setgt  | auto     | 0       |
|   sortBuffer_8_fu_157_p3  |     |        | sortBuffer_8  | select | auto_sel | 0       |
|   select_ln10_3_fu_165_p3 |     |        | select_ln10_3 | select | auto_sel | 0       |
|   icmp_ln10_2_fu_173_p2   |     |        | icmp_ln10_2   | setgt  | auto     | 0       |
|   select_ln10_4_fu_179_p3 |     |        | select_ln10_4 | select | auto_sel | 0       |
|   sortBuffer_7_fu_187_p3  |     |        | sortBuffer_7  | select | auto_sel | 0       |
|   icmp_ln11_fu_195_p2     |     |        | icmp_ln11     | setlt  | auto     | 0       |
|   sortBuffer_11_fu_201_p3 |     |        | sortBuffer_11 | select | auto_sel | 0       |
|   select_ln11_1_fu_209_p3 |     |        | select_ln11_1 | select | auto_sel | 0       |
|   icmp_ln11_1_fu_217_p2   |     |        | icmp_ln11_1   | setlt  | auto     | 0       |
|   sortBuffer_10_fu_223_p3 |     |        | sortBuffer_10 | select | auto_sel | 0       |
|   sortBuffer_9_fu_231_p3  |     |        | sortBuffer_9  | select | auto_sel | 0       |
|   icmp_ln11_2_fu_239_p2   |     |        | icmp_ln11_2   | setlt  | auto     | 0       |
|   select_ln11_4_fu_245_p3 |     |        | select_ln11_4 | select | auto_sel | 0       |
|   select_ln11_5_fu_253_p3 |     |        | select_ln11_5 | select | auto_sel | 0       |
|   icmp_ln12_fu_261_p2     |     |        | icmp_ln12     | setgt  | auto     | 0       |
|   select_ln12_fu_267_p3   |     |        | select_ln12   | select | auto_sel | 0       |
|   sortBuffer_15_fu_275_p3 |     |        | sortBuffer_15 | select | auto_sel | 0       |
|   icmp_ln12_1_fu_283_p2   |     |        | icmp_ln12_1   | setgt  | auto     | 0       |
|   sortBuffer_13_fu_289_p3 |     |        | sortBuffer_13 | select | auto_sel | 0       |
|   select_ln12_3_fu_297_p3 |     |        | select_ln12_3 | select | auto_sel | 0       |
|   icmp_ln12_2_fu_305_p2   |     |        | icmp_ln12_2   | setgt  | auto     | 0       |
|   sortBuffer_12_fu_311_p3 |     |        | sortBuffer_12 | select | auto_sel | 0       |
|   select_ln12_5_fu_319_p3 |     |        | select_ln12_5 | select | auto_sel | 0       |
|   icmp_ln13_fu_327_p2     |     |        | icmp_ln13     | setgt  | auto     | 0       |
|   select_ln13_fu_333_p3   |     |        | select_ln13   | select | auto_sel | 0       |
|   icmp_ln13_1_fu_341_p2   |     |        | icmp_ln13_1   | setgt  | auto     | 0       |
|   select_ln13_1_fu_347_p3 |     |        | select_ln13_1 | select | auto_sel | 0       |
|   icmp_ln13_2_fu_355_p2   |     |        | icmp_ln13_2   | setgt  | auto     | 0       |
|   sortBuffer_16_fu_361_p3 |     |        | sortBuffer_16 | select | auto_sel | 0       |
|   sortBuffer_14_fu_369_p3 |     |        | sortBuffer_14 | select | auto_sel | 0       |
|   icmp_ln14_fu_377_p2     |     |        | icmp_ln14     | setgt  | auto     | 0       |
|   sortBuffer_19_fu_383_p3 |     |        | sortBuffer_19 | select | auto_sel | 0       |
|   icmp_ln14_1_fu_391_p2   |     |        | icmp_ln14_1   | setgt  | auto     | 0       |
|   sortBuffer_17_fu_395_p3 |     |        | sortBuffer_17 | select | auto_sel | 0       |
|   icmp_ln14_2_fu_401_p2   |     |        | icmp_ln14_2   | setgt  | auto     | 0       |
|   select_ln14_2_fu_405_p3 |     |        | select_ln14_2 | select | auto_sel | 0       |
|   icmp_ln15_fu_411_p2     |     |        | icmp_ln15     | setgt  | auto     | 0       |
|   select_ln15_fu_416_p3   |     |        | select_ln15   | select | auto_sel | 0       |
|   icmp_ln15_1_fu_423_p2   |     |        | icmp_ln15_1   | setgt  | auto     | 0       |
|   select_ln15_1_fu_429_p3 |     |        | select_ln15_1 | select | auto_sel | 0       |
|   sortBuffer_18_fu_437_p3 |     |        | sortBuffer_18 | select | auto_sel | 0       |
|   icmp_ln15_2_fu_445_p2   |     |        | icmp_ln15_2   | setgt  | auto     | 0       |
|   select_ln15_3_fu_450_p3 |     |        | select_ln15_3 | select | auto_sel | 0       |
|   icmp_ln16_fu_457_p2     |     |        | icmp_ln16     | setgt  | auto     | 0       |
|   V                       |     |        | select_ln16   | select | auto_sel | 0       |
+---------------------------+-----+--------+---------------+--------+----------+---------+


================================================================
== Storage Report
================================================================
  No bind storage info in design

================================================================
== Pragma Report
================================================================
* Valid Pragma Syntax
+----------+---------+-------------------------------------------+
| Type     | Options | Location                                  |
+----------+---------+-------------------------------------------+
| pipeline | II=1    | ../../MedianFilter.cpp:45 in medianfilter |
+----------+---------+-------------------------------------------+

* Inferred Pragmas
+------------------------------------+-----------------+--------------------------------------------------------------------------+-----------------------------------------------------------------------------------------------------------------------+
| Source Pragma                      | Inferred Pragma | Options                                                                  | Location                                                                                                              |
+------------------------------------+-----------------+--------------------------------------------------------------------------+-----------------------------------------------------------------------------------------------------------------------+
| pipeline ../../MedianFilter.cpp:45 | array_partition | dim=1 type=complete  variable=_ZZ12MedianFilterhhhPhE17pixelWindowBuffer | variable MedianFilter(unsigned char, unsigned char, unsigned char, unsigned char*)::pixelWindowBuffer in medianfilter |
+------------------------------------+-----------------+--------------------------------------------------------------------------+-----------------------------------------------------------------------------------------------------------------------+


