

================================================================
== Vitis HLS Report for 'MedianFilter'
================================================================
* Date:           Fri Jun 11 22:45:33 2021

* Version:        2021.1 (Build 3235084 on Sat May 29 17:34:42 MDT 2021)
* Project:        hls_project
* Solution:       solution1 (Vivado IP Flow Target)
* Product family: virtexuplus
* Target device:  xcvu11p-flga2577-1-e


================================================================
== Performance Estimates
================================================================
+ Timing: 
    * Summary: 
    +--------+----------+----------+------------+
    |  Clock |  Target  | Estimated| Uncertainty|
    +--------+----------+----------+------------+
    |ap_clk  |  10.00 ns|  6.654 ns|     2.70 ns|
    +--------+----------+----------+------------+

+ Latency: 
    * Summary: 
    +---------+---------+-----------+-----------+-----+-----+---------+
    |  Latency (cycles) |   Latency (absolute)  |  Interval | Pipeline|
    |   min   |   max   |    min    |    max    | min | max |   Type  |
    +---------+---------+-----------+-----------+-----+-----+---------+
    |        1|        1|  10.000 ns|  10.000 ns|    1|    1|      yes|
    +---------+---------+-----------+-----------+-----+-----+---------+

    + Detail: 
        * Instance: 
        N/A

        * Loop: 
        N/A



================================================================
== Utilization Estimates
================================================================
* Summary: 
+---------------------+---------+------+---------+---------+-----+
|         Name        | BRAM_18K|  DSP |    FF   |   LUT   | URAM|
+---------------------+---------+------+---------+---------+-----+
|DSP                  |        -|     -|        -|        -|    -|
|Expression           |        -|     -|        0|      451|    -|
|FIFO                 |        -|     -|        -|        -|    -|
|Instance             |        -|     -|        -|        -|    -|
|Memory               |        -|     -|        -|        -|    -|
|Multiplexer          |        -|     -|        -|        -|    -|
|Register             |        -|     -|       74|        -|    -|
+---------------------+---------+------+---------+---------+-----+
|Total                |        0|     0|       74|      451|    0|
+---------------------+---------+------+---------+---------+-----+
|Available SLR        |     1344|  3072|   864000|   432000|  320|
+---------------------+---------+------+---------+---------+-----+
|Utilization SLR (%)  |        0|     0|       ~0|       ~0|    0|
+---------------------+---------+------+---------+---------+-----+
|Available            |     4032|  9216|  2592000|  1296000|  960|
+---------------------+---------+------+---------+---------+-----+
|Utilization (%)      |        0|     0|       ~0|       ~0|    0|
+---------------------+---------+------+---------+---------+-----+

+ Detail: 
    * Instance: 
    N/A

    * DSP: 
    N/A

    * Memory: 
    N/A

    * FIFO: 
    N/A

    * Expression: 
    +-------------------------+----------+----+---+----+------------+------------+
    |      Variable Name      | Operation| DSP| FF| LUT| Bitwidth P0| Bitwidth P1|
    +-------------------------+----------+----+---+----+------------+------------+
    |icmp_ln10_1_fu_149_p2    |      icmp|   0|  0|  11|           8|           8|
    |icmp_ln10_2_fu_171_p2    |      icmp|   0|  0|  11|           8|           8|
    |icmp_ln10_fu_127_p2      |      icmp|   0|  0|  11|           8|           8|
    |icmp_ln11_1_fu_215_p2    |      icmp|   0|  0|  11|           8|           8|
    |icmp_ln11_2_fu_237_p2    |      icmp|   0|  0|  11|           8|           8|
    |icmp_ln11_fu_193_p2      |      icmp|   0|  0|  11|           8|           8|
    |icmp_ln12_1_fu_281_p2    |      icmp|   0|  0|  11|           8|           8|
    |icmp_ln12_2_fu_303_p2    |      icmp|   0|  0|  11|           8|           8|
    |icmp_ln12_fu_259_p2      |      icmp|   0|  0|  11|           8|           8|
    |icmp_ln13_1_fu_339_p2    |      icmp|   0|  0|  11|           8|           8|
    |icmp_ln13_2_fu_353_p2    |      icmp|   0|  0|  11|           8|           8|
    |icmp_ln13_fu_325_p2      |      icmp|   0|  0|  11|           8|           8|
    |icmp_ln14_1_fu_389_p2    |      icmp|   0|  0|  11|           8|           8|
    |icmp_ln14_2_fu_403_p2    |      icmp|   0|  0|  11|           8|           8|
    |icmp_ln14_fu_375_p2      |      icmp|   0|  0|  11|           8|           8|
    |icmp_ln15_1_fu_431_p2    |      icmp|   0|  0|  11|           8|           8|
    |icmp_ln15_2_fu_447_p2    |      icmp|   0|  0|  11|           8|           8|
    |icmp_ln15_fu_417_p2      |      icmp|   0|  0|  11|           8|           8|
    |icmp_ln16_fu_459_p2      |      icmp|   0|  0|  11|           8|           8|
    |V                        |    select|   0|  0|   8|           1|           8|
    |select_ln10_1_fu_141_p3  |    select|   0|  0|   8|           1|           8|
    |select_ln10_2_fu_155_p3  |    select|   0|  0|   8|           1|           8|
    |select_ln10_3_fu_163_p3  |    select|   0|  0|   8|           1|           8|
    |select_ln10_4_fu_177_p3  |    select|   0|  0|   8|           1|           8|
    |select_ln10_5_fu_185_p3  |    select|   0|  0|   8|           1|           8|
    |select_ln10_fu_133_p3    |    select|   0|  0|   8|           1|           8|
    |select_ln11_3_fu_243_p3  |    select|   0|  0|   8|           1|           8|
    |select_ln11_fu_221_p3    |    select|   0|  0|   8|           1|           8|
    |select_ln12_2_fu_317_p3  |    select|   0|  0|   8|           1|           8|
    |select_ln12_fu_309_p3    |    select|   0|  0|   8|           1|           8|
    |select_ln13_1_fu_359_p3  |    select|   0|  0|   8|           1|           8|
    |select_ln13_2_fu_367_p3  |    select|   0|  0|   8|           1|           8|
    |select_ln13_fu_345_p3    |    select|   0|  0|   8|           1|           8|
    |select_ln14_fu_409_p3    |    select|   0|  0|   8|           1|           8|
    |select_ln15_1_fu_441_p3  |    select|   0|  0|   8|           1|           8|
    |select_ln15_fu_435_p3    |    select|   0|  0|   8|           1|           8|
    |temp_10_fu_381_p3        |    select|   0|  0|   8|           1|           8|
    |temp_11_fu_395_p3        |    select|   0|  0|   8|           1|           8|
    |temp_12_fu_423_p3        |    select|   0|  0|   8|           1|           8|
    |temp_13_fu_452_p3        |    select|   0|  0|   8|           1|           8|
    |temp_1_fu_199_p3         |    select|   0|  0|   8|           1|           8|
    |temp_2_fu_207_p3         |    select|   0|  0|   8|           1|           8|
    |temp_3_fu_229_p3         |    select|   0|  0|   8|           1|           8|
    |temp_4_fu_251_p3         |    select|   0|  0|   8|           1|           8|
    |temp_5_fu_265_p3         |    select|   0|  0|   8|           1|           8|
    |temp_6_fu_273_p3         |    select|   0|  0|   8|           1|           8|
    |temp_7_fu_287_p3         |    select|   0|  0|   8|           1|           8|
    |temp_8_fu_295_p3         |    select|   0|  0|   8|           1|           8|
    |temp_9_fu_331_p3         |    select|   0|  0|   8|           1|           8|
    |ap_enable_pp0            |       xor|   0|  0|   2|           1|           2|
    +-------------------------+----------+----+---+----+------------+------------+
    |Total                    |          |   0|  0| 451|         183|         394|
    +-------------------------+----------+----+---+----+------------+------------+

    * Multiplexer: 
    N/A

    * Register: 
    +-------------------------+---+----+-----+-----------+
    |           Name          | FF| LUT| Bits| Const Bits|
    +-------------------------+---+----+-----+-----------+
    |ap_CS_fsm                |  1|   0|    1|          0|
    |ap_enable_reg_pp0_iter1  |  1|   0|    1|          0|
    |pixelWindowBuffer_0      |  8|   0|    8|          0|
    |pixelWindowBuffer_1      |  8|   0|    8|          0|
    |pixelWindowBuffer_3      |  8|   0|    8|          0|
    |pixelWindowBuffer_4      |  8|   0|    8|          0|
    |pixelWindowBuffer_6      |  8|   0|    8|          0|
    |pixelWindowBuffer_7      |  8|   0|    8|          0|
    |select_ln14_reg_480      |  8|   0|    8|          0|
    |temp_10_reg_474          |  8|   0|    8|          0|
    |temp_12_reg_487          |  8|   0|    8|          0|
    +-------------------------+---+----+-----+-----------+
    |Total                    | 74|   0|   74|          0|
    +-------------------------+---+----+-----+-----------+



================================================================
== Interface
================================================================
* Summary: 
+----------+-----+-----+------------+--------------+--------------+
| RTL Ports| Dir | Bits|  Protocol  | Source Object|    C Type    |
+----------+-----+-----+------------+--------------+--------------+
|ap_clk    |   in|    1|  ap_ctrl_hs|  MedianFilter|  return value|
|ap_rst    |   in|    1|  ap_ctrl_hs|  MedianFilter|  return value|
|ap_start  |   in|    1|  ap_ctrl_hs|  MedianFilter|  return value|
|ap_done   |  out|    1|  ap_ctrl_hs|  MedianFilter|  return value|
|ap_idle   |  out|    1|  ap_ctrl_hs|  MedianFilter|  return value|
|ap_ready  |  out|    1|  ap_ctrl_hs|  MedianFilter|  return value|
|row1      |   in|    8|     ap_none|          row1|        scalar|
|row2      |   in|    8|     ap_none|          row2|        scalar|
|row3      |   in|    8|     ap_none|          row3|        scalar|
|V         |  out|    8|      ap_vld|             V|       pointer|
|V_ap_vld  |  out|    1|      ap_vld|             V|       pointer|
+----------+-----+-----+------------+--------------+--------------+

